[www.saadstudio.in/index.html]
[backblue.gif]
[fade.gif]
[index.html]
[www.saadstudio.in/index-2.html]
[www.saadstudio.in/music.html]
[www.saadstudio.in/dance.html]
[www.saadstudio.in/recording.html]
[www.saadstudio.in/gallery.html]
[www.saadstudio.in/fitness.html]
[www.saadstudio.in/contact.html]
[www.saadstudio.in/img/slider/5.jpg]
[www.saadstudio.in/img/slider/6.jpg]
[www.saadstudio.in/img/slider/7.jpg]
[www.saadstudio.in/img/slider/8.jpg]
[www.saadstudio.in/img/team/1.jpg]
[www.saadstudio.in/img/team/2.jpg]
[www.saadstudio.in/img/team/3.jpg]
[www.saadstudio.in/img/team/4.jpg]
[www.saadstudio.in/index.html]
[www.saadstudio.in/fonts/glyphicons-halflings-regular.eot]
[www.saadstudio.in/fonts/glyphicons-halflings-regular.woff]
[www.saadstudio.in/fonts/glyphicons-halflings-regulard41d.eot]
[www.saadstudio.in/fonts/glyphicons-halflings-regular.ttf]
[www.saadstudio.in/css/bootstrap.min.css]
[www.saadstudio.in/fonts/fontawesome-webfont3295.eot]
[www.saadstudio.in/fonts/fontawesome-webfontd41d.eot]
[www.saadstudio.in/fonts/fontawesome-webfont3295.woff2]
[www.saadstudio.in/fonts/fontawesome-webfont3295.woff]
[www.saadstudio.in/fonts/fontawesome-webfont3295.ttf]
[www.saadstudio.in/css/font-awesome.min.css]
[www.saadstudio.in/css/img/bx_loader.gif]
[www.saadstudio.in/css/img/controls.png]
[www.saadstudio.in/css/jquery.bxslider.css]
[www.saadstudio.in/css/isotope.css]
[www.saadstudio.in/css/animate.css]
[www.saadstudio.in/js/fancybox/fancybox_sprite.png]
[www.saadstudio.in/js/fancybox/fancybox_loading.gif]
[www.saadstudio.in/js/fancybox/blank.gif]
[www.saadstudio.in/js/fancybox/fancybox_overlay.png]
[www.saadstudio.in/js/fancybox/fancybox_sprite_402x.png]
[www.saadstudio.in/js/fancybox/fancybox_loading_402x.gif]
[www.saadstudio.in/js/fancybox/jquery.fancybox.css]
[www.saadstudio.in/css/style.css]
[www.saadstudio.in/index-2.html]
[www.saadstudio.in/img/items/hiphop.png]
[www.saadstudio.in/img/items/salsa.png]
[www.saadstudio.in/img/items/breakdance.png]
[www.saadstudio.in/img/items/latindance.png]
[www.saadstudio.in/img/items/ballet.png]
[www.saadstudio.in/img/items/moderndance.png]
[www.saadstudio.in/dance.html]
[www.saadstudio.in/img/items/guitar.png]
[www.saadstudio.in/img/items/keyboard.png]
[www.saadstudio.in/img/items/piano.png]
[www.saadstudio.in/img/items/violin.png]
[www.saadstudio.in/img/items/drums.png]
[www.saadstudio.in/img/items/singing.png]
[www.saadstudio.in/music.html]
[www.saadstudio.in/img/items/aerobics.png]
[www.saadstudio.in/img/items/yoga.png]
[www.saadstudio.in/img/items/zumba.png]
[www.saadstudio.in/fitness.html]
[www.saadstudio.in/img/items/songrec.jpg]
[www.saadstudio.in/img/items/dubbing.jpg]
[www.saadstudio.in/img/items/musicprod.png]
[www.saadstudio.in/img/items/videoshoot.jpg]
[www.saadstudio.in/img/items/videoedit.jpg]
[www.saadstudio.in/img/items/photo.jpg]
[www.saadstudio.in/recording.html]
[www.saadstudio.in/img/portfolio/1.jpg]
[www.saadstudio.in/img/portfolio/2.jpg]
[www.saadstudio.in/img/portfolio/3.jpg]
[www.saadstudio.in/img/portfolio/4.jpg]
[www.saadstudio.in/img/portfolio/5.jpg]
[www.saadstudio.in/img/portfolio/6.jpg]
[www.saadstudio.in/img/portfolio/7.jpg]
[www.saadstudio.in/img/portfolio/8.jpg]
[www.saadstudio.in/img/portfolio/9.jpg]
[www.saadstudio.in/gallery.html]
[www.saadstudio.in/contact.html]
[www.saadstudio.in/js/jquery-2.1.1.min.js]
[www.saadstudio.in/Popover requires tooltip.js]
[www.saadstudio.in/js/bootstrap.min.js]
[www.saadstudio.in/js/wow.min.js]
[www.saadstudio.in/js/fancybox/jquery.fancybox.pack.js]
[www.saadstudio.in/js/jquery.easing.1.3.js]
[www.saadstudio.in/js/jquery.bxslider.min.js]
[www.saadstudio.in/js/functions.js]
[www.saadstudio.in/fonts/glyphicons-halflings-regular.svg]
[www.saadstudio.in/fonts/fontawesome-webfont3295.svg]
[www.saadstudio.in/css/font-awesome.css]
[www.saadstudio.in/css/overwrite.css]
[www.saadstudio.in/js/jquery.isotope.min.js]
[www.saadstudio.in/Popover requires tooltip.html]
[www.saadstudio.in/Popover requires tooltip.html]
[www.saadstudio.in/Popover requires tooltip.html]
